[discrete] canvas lanes=30 col=3 dpr=2 run 1: frame 37.40ms p95 16.50 (model 8.90 submit 3.40)
[discrete] canvas lanes=30 col=3 dpr=2 run 2: frame 37.97ms p95 16.80 (model 8.90 submit 3.40)
[discrete] canvas lanes=30 col=3 dpr=2 run 3: frame 37.87ms p95 16.10 (model 8.90 submit 3.50)
[discrete] webgl lanes=30 col=3 dpr=2 run 1: frame 15.30ms p95 17.10 (model 9.00 submit 2.70)
[discrete] webgl lanes=30 col=3 dpr=2 run 2: frame 15.41ms p95 15.20 (model 9.50 submit 2.70)
[discrete] webgl lanes=30 col=3 dpr=2 run 3: frame 15.03ms p95 15.70 (model 8.90 submit 2.70)
[discrete] canvas lanes=60 col=3 dpr=2 run 1: frame 63.74ms p95 36.60 (model 15.10 submit 5.90)
[discrete] canvas lanes=60 col=3 dpr=2 run 2: frame 60.32ms p95 30.00 (model 14.60 submit 5.90)
[discrete] canvas lanes=60 col=3 dpr=2 run 3: frame 60.61ms p95 32.40 (model 14.60 submit 5.80)
[discrete] webgl lanes=60 col=3 dpr=2 run 1: frame 24.92ms p95 31.20 (model 14.60 submit 4.70)
[discrete] webgl lanes=60 col=3 dpr=2 run 2: frame 24.68ms p95 28.60 (model 14.50 submit 4.70)
[discrete] webgl lanes=60 col=3 dpr=2 run 3: frame 24.49ms p95 30.70 (model 14.50 submit 4.70)
[discrete] canvas lanes=30 col=1 dpr=2 run 1: frame 10.84ms p95 6.00 (model 2.80 submit 1.40)
[discrete] canvas lanes=30 col=1 dpr=2 run 2: frame 10.74ms p95 6.00 (model 2.80 submit 1.40)
[discrete] canvas lanes=30 col=1 dpr=2 run 3: frame 10.70ms p95 6.00 (model 2.70 submit 1.40)
[discrete] webgl lanes=30 col=1 dpr=2 run 1: frame 5.74ms p95 5.80 (model 2.80 submit 0.90)
[discrete] webgl lanes=30 col=1 dpr=2 run 2: frame 5.63ms p95 5.60 (model 2.80 submit 0.90)
[discrete] webgl lanes=30 col=1 dpr=2 run 3: frame 5.58ms p95 5.50 (model 2.70 submit 0.90)
[discrete] canvas lanes=30 col=3 dpr=1 run 1: frame 24.56ms p95 15.90 (model 8.90 submit 3.40)
[discrete] canvas lanes=30 col=3 dpr=1 run 2: frame 24.91ms p95 18.00 (model 9.00 submit 3.40)
[discrete] canvas lanes=30 col=3 dpr=1 run 3: frame 24.74ms p95 15.90 (model 8.90 submit 3.40)
[discrete] webgl lanes=30 col=3 dpr=1 run 1: frame 15.14ms p95 16.30 (model 9.00 submit 2.70)
[discrete] webgl lanes=30 col=3 dpr=1 run 2: frame 15.14ms p95 17.00 (model 9.00 submit 2.70)
[discrete] webgl lanes=30 col=3 dpr=1 run 3: frame 15.73ms p95 18.50 (model 9.20 submit 2.80)
[discrete] canvas lanes=30 col=3 dpr=2 run 1: frame 38.40ms p95 19.80 (model 9.20 submit 3.00)
[discrete] canvas lanes=30 col=3 dpr=2 run 2: frame 36.99ms p95 18.60 (model 9.10 submit 3.00)
[discrete] canvas lanes=30 col=3 dpr=2 run 3: frame 35.95ms p95 17.40 (model 9.00 submit 2.90)
[discrete] webgl lanes=30 col=3 dpr=2 run 1: frame 14.97ms p95 16.10 (model 8.90 submit 2.60)
[discrete] webgl lanes=30 col=3 dpr=2 run 2: frame 14.75ms p95 14.90 (model 8.80 submit 2.60)
[discrete] webgl lanes=30 col=3 dpr=2 run 3: frame 15.17ms p95 17.40 (model 8.90 submit 2.60)
[discrete] canvas lanes=30 col=3 dpr=2 run 1: frame 37.94ms p95 16.40 (model 9.00 submit 3.40)
[discrete] canvas lanes=30 col=3 dpr=2 run 2: frame 38.37ms p95 16.90 (model 9.00 submit 3.50)
[discrete] canvas lanes=30 col=3 dpr=2 run 3: frame 39.03ms p95 18.60 (model 9.10 submit 3.50)
[integrated] canvas lanes=30 col=3 dpr=2 run 1: frame 119.45ms p95 18.90 (model 9.50 submit 3.40)
[integrated] canvas lanes=30 col=3 dpr=2 run 2: frame 120.65ms p95 15.90 (model 9.20 submit 3.40)
[integrated] canvas lanes=30 col=3 dpr=2 run 3: frame 120.23ms p95 18.50 (model 9.20 submit 3.40)
[integrated] webgl lanes=30 col=3 dpr=2 run 1: frame 16.27ms p95 17.60 (model 9.50 submit 2.80)
[integrated] webgl lanes=30 col=3 dpr=2 run 2: frame 16.44ms p95 19.00 (model 9.50 submit 2.80)
[integrated] webgl lanes=30 col=3 dpr=2 run 3: frame 16.16ms p95 18.00 (model 9.40 submit 2.80)
[integrated] canvas lanes=60 col=3 dpr=2 run 1: frame 145.87ms p95 30.00 (model 14.80 submit 6.00)
[integrated] canvas lanes=60 col=3 dpr=2 run 2: frame 73.99ms p95 32.50 (model 15.10 submit 6.20)
[integrated] canvas lanes=60 col=3 dpr=2 run 3: frame 162.48ms p95 40.60 (model 16.30 submit 6.40)
[integrated] webgl lanes=60 col=3 dpr=2 run 1: frame 26.36ms p95 33.60 (model 15.40 submit 4.90)
[integrated] webgl lanes=60 col=3 dpr=2 run 2: frame 26.36ms p95 33.50 (model 15.60 submit 4.90)
[integrated] webgl lanes=60 col=3 dpr=2 run 3: frame 26.51ms p95 33.70 (model 15.40 submit 4.80)
[integrated] canvas lanes=30 col=1 dpr=2 run 1: frame 15.15ms p95 8.40 (model 3.30 submit 1.60)
Error: ENOTEMPTY: directory not empty, rmdir '/tmp/spike-chrome-btcp18/Default'
    at Object.rmdirSync (node:fs:1193:11)
    at _rmdirSync (node:internal/fs/rimraf:261:21)
    at rimrafSync (node:internal/fs/rimraf:194:7)
    at node:internal/fs/rimraf:254:9
    at Array.forEach (<anonymous>)
    at _rmdirSync (node:internal/fs/rimraf:251:7)
    at rimrafSync (node:internal/fs/rimraf:194:7)
    at Object.rmSync (node:fs:1239:10)
    at cleanup (file:///home/operator/rhizomorph__worktrees/566-renderer-spike/research/spikes/renderer/run.mjs:189:37)
    at main (file:///home/operator/rhizomorph__worktrees/566-renderer-spike/research/spikes/renderer/run.mjs:256:9) {
  errno: -39,
  code: 'ENOTEMPTY',
  syscall: 'rmdir',
  path: '/tmp/spike-chrome-btcp18/Default'
}
